<!DOCTYPE html>
<html>
<head>
    <title>Test HTML File</title>
    <meta charset="utf-8">
</head>
<body>
    <p>This is a very simple HTML file.</p>
    <img src="ru-hexlet-io-courses_files/ru-hexlet-io-img-42.jpg" alt="example" />
</body>
</html> 