<!DOCTYPE html>
<html lang="ru">
  <head>
    <meta charset="utf-8">
    <title>Курсы по программированию Хекслет</title>
    <link rel="stylesheet" media="all" href="https://cdn2.hexlet.io/assets/menu.css">
    <link rel="stylesheet" media="all" href="ru-hexlet-io-courses_files/ru-hexlet-io-resources-application.css">
    <link href="ru-hexlet-io-courses_files/ru-hexlet-io-courses.html" rel="canonical">
  </head>
  <body>
    <img src="ru-hexlet-io-courses_files/ru-hexlet-io-resources-42.jpg" alt="Иконка профессии PHP-программист">
    <h3>
      <a href="/professions/php">PHP-программист</a>
    </h3>
    <script src="https://js.stripe.com/v3/"></script>
    <script src="ru-hexlet-io-courses_files/ru-hexlet-io-resources-js-runtime.js"></script>
  </body>
</html>